Scanning 3400 files...
  FIXED: 2025-04-29_Troubleshooting_Virtual_Environment_Setup_Error_in_VS_Code_47829910.md
  FIXED: 2025-11-17_Ollama_server_startup_and_configuration_21643883.md
  FIXED: 2025-11-17_Open_source_LLM_for_coding_with_RTX_3070_72758463.md
  FIXED: 2025-11-18_Ollama_GPU_acceleration_not_detected_30133495.md
  FIXED: 2025-12-08_Verifying_local_git_commits_20791312.md
  FIXED: 2025-04-23_File_cUsersBryanDesktopPhython_Projectssolana_loggertrackerp_69675563.md
  FIXED: 2025-04-23_PS_CUsersBryanDesktopPhython_Projectssolana_logger_CUsersBry_10202097.md
  FIXED: 2025-04-25_PS_CUsersBryan_CUsersBryanAppDataLocalProgramsPythonPython31_18066649.md
  FIXED: 2025-04-25_PS_CUsersBryan_CUsersBryanAppDataLocalProgramsPythonPython31_51583248.md
  FIXED: 2025-04-25_so_a_dictionary_just_asigns_a_word_to_a_value_you_give_it_in_68031030.md
  FIXED: 2025-04-29_CUsersBryanAppDataLocalProgramsPythonPython313pythonexe_cUse_11781524.md
  FIXED: 2025-04-29_PS_CUsersBryan_CUsersBryanAppDataLocalProgramsPythonPython31_13438666.md
  FIXED: 2025-04-29_PS_CUsersBryan_CUsersBryanAppDataLocalProgramsPythonPython31_16441066.md
  FIXED: 2025-04-29_PS_CUsersBryan_CUsersBryanAppDataLocalProgramsPythonPython31_21785109.md
  FIXED: 2025-04-29_PS_CUsersBryan_CUsersBryanAppDataLocalProgramsPythonPython31_25337922.md
  FIXED: 2025-04-29_PS_CUsersBryan_CUsersBryanAppDataLocalProgramsPythonPython31_30998916.md
  FIXED: 2025-04-29_PS_CUsersBryan_CUsersBryanAppDataLocalProgramsPythonPython31_60040862.md
  FIXED: 2025-04-29_PS_CUsersBryan_CUsersBryanAppDataLocalProgramsPythonPython31_66884173.md
  FIXED: 2025-04-29_PS_CUsersBryan_CUsersBryanAppDataLocalProgramsPythonPython31_76066775.md
  FIXED: 2025-04-29_i_got_a_few_errors_this_is_what_it_gave_me_PS_CUsersBryan_CU_73255246.md
  FIXED: 2025-06-19_i_need_help_debugging_the_wsl2_environment_working_on_runnin_39278899.md
  FIXED: 2025-06-19_venv_bryan_DESKTOP_NG2I0P2text_generation_webui_ls_F_homebry_20599674.md
  FIXED: 2025-06-19_venv_bryan_DESKTOP_NG2I0P2text_generation_webui_ls_l_total_1_89503853.md
  FIXED: 2025-06-19_venv_bryan_DESKTOP_NG2I0P2text_generation_webui_pip_install__44293653.md
  FIXED: 2025-06-19_venv_bryan_DESKTOP_NG2I0P2text_generation_webui_pip_install__54906912.md
  FIXED: 2025-06-19_venv_bryan_DESKTOP_NG2I0P2text_generation_webuirequirements__74369314.md
  FIXED: 2025-06-19_venv_bryan_DESKTOP_NG2I0P2text_generation_webuirequirementsf_71307347.md
  FIXED: 2025-06-23_140916_767493_INFO_Loading_Nous_Hermes_2_Mistral_7B_DPOQ5_K__56101520.md
  FIXED: 2025-06-23_141853_817920_INFO_Loading_Nous_Hermes_2_Mistral_7B_DPOQ5_K__55830168.md
  FIXED: 2025-06-23_142124_003826_INFO_Loading_Nous_Hermes_2_Mistral_7B_DPOQ5_K__46071157.md
  FIXED: 2025-06-23_142602_382703_INFO_Loading_Nous_Hermes_2_Mistral_7B_DPOQ5_K__17090104.md
  FIXED: 2025-06-23_144344_528490_INFO_Loading_Nous_Hermes_2_Mistral_7B_DPOQ5_K__74767460.md
  FIXED: 2025-06-23_Cvenv_bryan_DESKTOP_NG2I0P2text_generation_webui_python3_Pyt_34838457.md
  FIXED: 2025-06-23_PS_CUsersBryan_wsl_l_v_NAME_STATE_VERSION_Ubuntu_Stopped_2_P_33217847.md
  FIXED: 2025-06-23_all_i_see_on_the_left_is_chat_notebook_parameters_character__39868236.md
  FIXED: 2025-06-23_bryan_DESKTOP_NG2I0P2_cd_text_generation_webui_bryan_DESKTOP_64004879.md
  FIXED: 2025-06-23_bryan_DESKTOP_NG2I0P2_cd_text_generation_webui_bryan_DESKTOP_88504447.md
  FIXED: 2025-06-23_bryan_DESKTOP_NG2I0P2_find_iname_nous_hermes_2_mistral_7b_pr_58650980.md
  FIXED: 2025-06-23_bryan_DESKTOP_NG2I0P2text_generation_webui_pip3_install_r_re_19972847.md
  FIXED: 2025-06-23_bryan_DESKTOP_NG2I0P2text_generation_webui_python3_m_venv_ve_86957756.md
  FIXED: 2025-06-23_bryan_DESKTOP_NG2I0P2text_generation_webui_python3_serverpy__29869278.md
  FIXED: 2025-06-23_can_you_gather_some_of_those_for_me_74884083.md
  FIXED: 2025-06-23_could_it_be_because_i_didnt_download_oobabooga_from_the_webs_51823174.md
  FIXED: 2025-06-23_for_sure_i_was_just_curious_so_now_that_we_have_those_few_th_58741353.md
  FIXED: 2025-06-23_give_me_5_to_10_of_the_top_documents_i_should_include_for_th_61117065.md
  FIXED: 2025-06-23_honestly_the_model_seems_able_to_handle_these_sorts_of_quest_74739531.md
  FIXED: 2025-06-23_how_do_we_check_what_version_of_oobabooga_were_on_to_see_why_34452159.md
  FIXED: 2025-06-23_i_didnt_make_that_startup_script_so_scratch_that_but_didnt_w_46359312.md
  FIXED: 2025-06-23_i_still_have_oobabooga_open_and_i_havent_made_the_data_sourc_78003579.md
  FIXED: 2025-06-23_if_data_in_response_and_lenresponsedata_0_model_info_respons_58332217.md
  FIXED: 2025-06-23_if_i_were_to_gather_these_documents_what_would_be_the_most_d_79446769.md
  FIXED: 2025-06-23_im_at_the_extension_part_this_is_all_i_see_58624149.md
  FIXED: 2025-06-23_im_here_venv_bryan_DESKTOP_NG2I0P2text_generation_webui_90256384.md
  FIXED: 2025-06-23_in_order_to_find_where_this_model_is_what_do_i_need_to_do_50773880.md
  FIXED: 2025-06-23_is_it_not_under_character_in_the_top_left_part_49599822.md
  FIXED: 2025-06-23_is_there_a_way_to_easily_boot_straight_up_and_get_going_in_o_84779426.md
  FIXED: 2025-06-23_lets_go_with_option_1_since_its_recommended_and_cleanest_sol_59116196.md
  FIXED: 2025-06-23_so_Im_here_bryan_DESKTOP_NG2I0P2_32235643.md
  FIXED: 2025-06-23_so_for_this_particular_use_case_im_working_on_making_this_a__14911032.md
  FIXED: 2025-06-23_so_now_that_i_have_the_character_behaving_properly_gave_it_a_78870267.md
  FIXED: 2025-06-23_so_now_that_i_have_the_model_interacting_within_oobabooga_wh_60810999.md
  FIXED: 2025-06-23_so_the_model_popped_up_finally_in_the_drop_down_menu_but_whe_16104995.md
  FIXED: 2025-06-23_the_only_thing_that_pops_up_under_the_right_side_is_assistan_88719692.md
  FIXED: 2025-06-23_this_is_what_i_see_in_between_these_lines_response_selfsessi_46324522.md
  FIXED: 2025-06-23_this_still_all_i_see_character_bias_coqui_tts_example_galler_75257393.md
  FIXED: 2025-06-23_this_what_i_have_now_if_data_in_response_and_lenresponsedata_16585761.md
  FIXED: 2025-06-23_venv_bryan_DESKTOP_NG2I0P2text_generation_webui_cd_text_gene_73403468.md
  FIXED: 2025-06-23_venv_bryan_DESKTOP_NG2I0P2text_generation_webui_deactivate_b_70861130.md
  FIXED: 2025-06-23_venv_bryan_DESKTOP_NG2I0P2text_generation_webui_git_fetch_or_91649516.md
  FIXED: 2025-06-23_venv_bryan_DESKTOP_NG2I0P2text_generation_webui_git_pull_ff__23561054.md
  FIXED: 2025-06-23_venv_bryan_DESKTOP_NG2I0P2text_generation_webui_git_pull_rem_13644899.md
  FIXED: 2025-06-23_venv_bryan_DESKTOP_NG2I0P2text_generation_webui_ls_la_requir_10352155.md
  FIXED: 2025-06-23_venv_bryan_DESKTOP_NG2I0P2text_generation_webui_ls_la_requir_84518424.md
  FIXED: 2025-06-23_venv_bryan_DESKTOP_NG2I0P2text_generation_webui_ls_la_total__50328506.md
  FIXED: 2025-06-23_venv_bryan_DESKTOP_NG2I0P2text_generation_webui_ls_requireme_16727354.md
  FIXED: 2025-06-23_venv_bryan_DESKTOP_NG2I0P2text_generation_webui_pip_install__17842645.md
  FIXED: 2025-06-23_venv_bryan_DESKTOP_NG2I0P2text_generation_webui_pip_install__19878584.md
  FIXED: 2025-06-23_venv_bryan_DESKTOP_NG2I0P2text_generation_webui_pip_install__28493807.md
  FIXED: 2025-06-23_venv_bryan_DESKTOP_NG2I0P2text_generation_webui_pip_install__58021312.md
  FIXED: 2025-06-23_venv_bryan_DESKTOP_NG2I0P2text_generation_webui_pip_install__63370780.md
  FIXED: 2025-06-23_venv_bryan_DESKTOP_NG2I0P2text_generation_webui_python3_serv_11954655.md
  FIXED: 2025-06-23_venv_bryan_DESKTOP_NG2I0P2text_generation_webui_python3_serv_40286245.md
  FIXED: 2025-06-23_venv_bryan_DESKTOP_NG2I0P2text_generation_webui_python3_serv_81046622.md
  FIXED: 2025-06-23_venv_bryan_DESKTOP_NG2I0P2text_generation_webui_start_linuxs_90771704.md
  FIXED: 2025-06-23_what_should_i_name_the_chatbot_27325787.md
  FIXED: 2025-06-23_without_the_startup_script_how_would_i_go_about_it_28208066.md
  FIXED: 2025-06-23_yeah_it_doesnt_let_me_scroll_down_30789639.md
  FIXED: 2025-06-24_Hit1_httparchiveubuntucomubuntu_noble_InRelease_Get2_httparc_42165708.md
  FIXED: 2025-06-24_Installing_collected_packages_markdown_Successfully_installe_44966475.md
  FIXED: 2025-06-24_ModuleNotFoundError_No_module_named_gradio_bryan_DESKTOP_NG2_47555505.md
  FIXED: 2025-06-24_after_running_step_2_i_got_venv_bryan_DESKTOP_NG2I0P2text_ge_11389357.md
  FIXED: 2025-06-24_are_those_also_safe_to_remove_i_want_no_residuals_from_anyth_52035527.md
  FIXED: 2025-06-24_bet_so_the_last_thing_that_happened_was_this_bryan_DESKTOP_N_47230899.md
  FIXED: 2025-06-24_bryan_DESKTOP_NG2I0P2_cd_text_generation_webui_bryan_DESKTOP_30179566.md
  FIXED: 2025-06-24_bryan_DESKTOP_NG2I0P2_cd_text_generation_webui_bryan_DESKTOP_30544776.md
  FIXED: 2025-06-24_bryan_DESKTOP_NG2I0P2_cd_text_generation_webuiextensions_bry_40665107.md
  FIXED: 2025-06-24_bryan_DESKTOP_NG2I0P2_cd_text_generation_webuiuser_datamodel_44754073.md
  FIXED: 2025-06-24_bryan_DESKTOP_NG2I0P2_ping_googlecom_PING_googlecom_14225019_79727543.md
  FIXED: 2025-06-24_bryan_DESKTOP_NG2I0P2_python312_version_Python_3123_bryan_DE_44185200.md
  FIXED: 2025-06-24_bryan_DESKTOP_NG2I0P2_sudo_apt_install_reinstall_python312_p_75232000.md
  FIXED: 2025-06-24_bryan_DESKTOP_NG2I0P2_sudo_apt_reinstall_install_command_not_46314773.md
  FIXED: 2025-06-24_bryan_DESKTOP_NG2I0P2_sudo_apt_reinstall_install_python3_apt_21466879.md
  FIXED: 2025-06-24_bryan_DESKTOP_NG2I0P2_sudo_apt_update_Hit1_httparchiveubuntu_58485357.md
  FIXED: 2025-06-24_bryan_DESKTOP_NG2I0P2_sudo_apt_update_sudo_apt_y_install_cud_86636800.md
  FIXED: 2025-06-24_bryan_DESKTOP_NG2I0P2_sudo_update_alternatives_config_python_29681923.md
  FIXED: 2025-06-24_bryan_DESKTOP_NG2I0P2_sudo_update_alternatives_install_usrbi_77138635.md
  FIXED: 2025-06-24_bryan_DESKTOP_NG2I0P2_wget_httparchiveubuntucomubuntupoolmai_63271876.md
  FIXED: 2025-06-24_bryan_DESKTOP_NG2I0P2_wget_httpsecurityubuntucomubuntupoolma_37795850.md
  FIXED: 2025-06-24_bryan_DESKTOP_NG2I0P2_wget_httpsecurityubuntucomubuntupoolma_49560545.md
  FIXED: 2025-06-24_bryan_DESKTOP_NG2I0P2_wget_httpsecurityubuntucomubuntupoolma_92115487.md
  FIXED: 2025-06-24_bryan_DESKTOP_NG2I0P2_which_python312_usrbinpython312_bryan__66742614.md
  FIXED: 2025-06-24_bryan_DESKTOP_NG2I0P2text_generation_webui_cd_models_ls_F_br_78536307.md
  FIXED: 2025-06-24_bryan_DESKTOP_NG2I0P2text_generation_webui_cd_text_generatio_20853156.md
  FIXED: 2025-06-24_bryan_DESKTOP_NG2I0P2text_generation_webui_cd_text_generatio_25411126.md
  FIXED: 2025-06-24_bryan_DESKTOP_NG2I0P2text_generation_webui_find_iname_Nous_H_41409033.md
  FIXED: 2025-06-24_bryan_DESKTOP_NG2I0P2text_generation_webuiextensions_cd_text_36394251.md
  FIXED: 2025-06-24_bryan_DESKTOP_NG2I0P2text_generation_webuiextensions_cd_text_62803103.md
  FIXED: 2025-06-24_bryan_DESKTOP_NG2I0P2text_generation_webuirepositories_cd_ll_78886934.md
  FIXED: 2025-06-24_bryan_DESKTOP_NG2I0P2text_generation_webuirepositoriesllamac_15333951.md
  FIXED: 2025-06-24_bryan_DESKTOP_NG2I0P2text_generation_webuirepositoriesllamac_69258641.md
  FIXED: 2025-06-24_bryan_DESKTOP_NG2I0P2text_generation_webuiuser_datamodels_cd_57290367.md
  FIXED: 2025-06-24_did_all_that_and_got_this_Closing_server_running_on_port_786_66788369.md
  FIXED: 2025-06-24_did_step_4_this_what_happened_venv_bryan_DESKTOP_NG2I0P2text_20178730.md
  FIXED: 2025-06-24_did_those_two_things_this_is_where_we_are_venv_bryan_DESKTOP_11527433.md
  FIXED: 2025-06-24_do_i_need_out_of_venv_before_running_these_commands_69568234.md
  FIXED: 2025-06-24_edge_didnt_have_the_tab_either_82536030.md
  FIXED: 2025-06-24_got_step_2_down_this_is_what_i_got_bryan_DESKTOP_NG2I0P2_whi_23806789.md
  FIXED: 2025-06-24_homebryan_text_generation_webuivenvlibpython312site_packages_36555040.md
  FIXED: 2025-06-24_i_clicked_the_box_and_saved_it_but_in_wsl2_this_happened_Clo_31666601.md
  FIXED: 2025-06-24_i_dont_see_Successfully_installed_but_the_prompt_put_me_back_26091108.md
  FIXED: 2025-06-24_i_want_my_whole_project_that_ive_worked_on_to_be_gone_from_w_37123108.md
  FIXED: 2025-06-24_it_just_went_from_installing_that_long_list_to_being_done_an_76282812.md
  FIXED: 2025-06-24_just_to_make_sure_the_model_im_talking_about_isnt_anywhere_h_11434972.md
  FIXED: 2025-06-24_nothing_pops_up_here_when_i_run_that_command_but_i_can_run_t_29405846.md
  FIXED: 2025-06-24_on_step_5_this_is_what_i_got_venv_bryan_DESKTOP_NG2I0P2text__39452780.md
  FIXED: 2025-06-24_running_the_url_didnt_connect_to_the_webui_the_thing_i_got_w_19659211.md
  FIXED: 2025-06-24_so_from_bryan_DESKTOP_NG2I0P2text_generation_webuirepositori_41766435.md
  FIXED: 2025-06-24_so_when_running_step_2_after_doing_the_nano_step_i_press_ent_42485579.md
  FIXED: 2025-06-24_starting_with_step_1_i_got_bryan_DESKTOP_NG2I0P2_ls_l_usrbin_69237513.md
  FIXED: 2025-06-24_superbooga_is_checked_but_i_dont_see_a_tab_for_it_43779850.md
  FIXED: 2025-06-24_this_is_what_happened_so_far_venv_bryan_DESKTOP_NG2I0P2text__52919213.md
  FIXED: 2025-06-24_this_time_this_happened_venv_bryan_DESKTOP_NG2I0P2text_gener_90772314.md
  FIXED: 2025-06-24_venv_bryan_DESKTOP_NG2I0P2_rm_rf_text_generation_webui_venv__37623683.md
  FIXED: 2025-06-24_venv_bryan_DESKTOP_NG2I0P2text_generation_webui_TRANSFORMERS_22527841.md
  FIXED: 2025-06-24_venv_bryan_DESKTOP_NG2I0P2text_generation_webui_cat_debug_se_14420480.md
  FIXED: 2025-06-24_venv_bryan_DESKTOP_NG2I0P2text_generation_webui_cat_debug_se_16749478.md
  FIXED: 2025-06-24_venv_bryan_DESKTOP_NG2I0P2text_generation_webui_cat_debug_se_20336125.md
  FIXED: 2025-06-24_venv_bryan_DESKTOP_NG2I0P2text_generation_webui_cat_debug_se_57657094.md
  FIXED: 2025-06-24_venv_bryan_DESKTOP_NG2I0P2text_generation_webui_cat_debug_se_87996801.md
  FIXED: 2025-06-24_venv_bryan_DESKTOP_NG2I0P2text_generation_webui_cat_gitmodul_22455134.md
  FIXED: 2025-06-24_venv_bryan_DESKTOP_NG2I0P2text_generation_webui_cat_requirem_25153508.md
  FIXED: 2025-06-24_venv_bryan_DESKTOP_NG2I0P2text_generation_webui_cat_requirem_40091782.md
  FIXED: 2025-06-24_venv_bryan_DESKTOP_NG2I0P2text_generation_webui_cat_server_o_21881263.md
  FIXED: 2025-06-24_venv_bryan_DESKTOP_NG2I0P2text_generation_webui_cd_text_gene_14986010.md
  FIXED: 2025-06-24_venv_bryan_DESKTOP_NG2I0P2text_generation_webui_cd_text_gene_15567991.md
  FIXED: 2025-06-24_venv_bryan_DESKTOP_NG2I0P2text_generation_webui_cd_venv_brya_48192665.md
  FIXED: 2025-06-24_venv_bryan_DESKTOP_NG2I0P2text_generation_webui_echo_0_venv__31499781.md
  FIXED: 2025-06-24_venv_bryan_DESKTOP_NG2I0P2text_generation_webui_git_submodul_31105184.md
  FIXED: 2025-06-24_venv_bryan_DESKTOP_NG2I0P2text_generation_webui_ls_l_extensi_22780170.md
  FIXED: 2025-06-24_venv_bryan_DESKTOP_NG2I0P2text_generation_webui_ls_l_llamacp_76674418.md
  FIXED: 2025-06-24_venv_bryan_DESKTOP_NG2I0P2text_generation_webui_ls_l_reposit_35752015.md
  FIXED: 2025-06-24_venv_bryan_DESKTOP_NG2I0P2text_generation_webui_ls_l_reposit_89215143.md
  FIXED: 2025-06-24_venv_bryan_DESKTOP_NG2I0P2text_generation_webui_ls_l_require_55769292.md
  FIXED: 2025-06-24_venv_bryan_DESKTOP_NG2I0P2text_generation_webui_ls_l_require_56730031.md
  FIXED: 2025-06-24_venv_bryan_DESKTOP_NG2I0P2text_generation_webui_ls_l_require_70537616.md
  FIXED: 2025-06-24_venv_bryan_DESKTOP_NG2I0P2text_generation_webui_ls_l_require_74267394.md
  FIXED: 2025-06-24_venv_bryan_DESKTOP_NG2I0P2text_generation_webui_ls_l_require_81649515.md
  FIXED: 2025-06-24_venv_bryan_DESKTOP_NG2I0P2text_generation_webui_ls_l_total_2_73264153.md
  FIXED: 2025-06-24_venv_bryan_DESKTOP_NG2I0P2text_generation_webui_nano_gradio__59061089.md
  FIXED: 2025-06-24_venv_bryan_DESKTOP_NG2I0P2text_generation_webui_pip_install__10469916.md
  FIXED: 2025-06-24_venv_bryan_DESKTOP_NG2I0P2text_generation_webui_pip_install__14089259.md
  FIXED: 2025-06-24_venv_bryan_DESKTOP_NG2I0P2text_generation_webui_pip_install__19878584.md
  FIXED: 2025-06-24_venv_bryan_DESKTOP_NG2I0P2text_generation_webui_pip_install__37831794.md
  FIXED: 2025-06-24_venv_bryan_DESKTOP_NG2I0P2text_generation_webui_pip_install__63370780.md
  FIXED: 2025-06-24_venv_bryan_DESKTOP_NG2I0P2text_generation_webui_pip_install__64956075.md
  FIXED: 2025-06-24_venv_bryan_DESKTOP_NG2I0P2text_generation_webui_pip_install__71094136.md
  FIXED: 2025-06-24_venv_bryan_DESKTOP_NG2I0P2text_generation_webui_pip_install__78247096.md
  FIXED: 2025-06-24_venv_bryan_DESKTOP_NG2I0P2text_generation_webui_pip_uninstal_13695073.md
  FIXED: 2025-06-24_venv_bryan_DESKTOP_NG2I0P2text_generation_webui_pwd_homebrya_54371041.md
  FIXED: 2025-06-24_venv_bryan_DESKTOP_NG2I0P2text_generation_webui_python3_down_25612803.md
  FIXED: 2025-06-24_venv_bryan_DESKTOP_NG2I0P2text_generation_webui_python3_serv_19273086.md
  FIXED: 2025-06-24_venv_bryan_DESKTOP_NG2I0P2text_generation_webui_python3_serv_38346465.md
  FIXED: 2025-06-24_venv_bryan_DESKTOP_NG2I0P2text_generation_webui_python3_serv_53736139.md
  FIXED: 2025-06-24_venv_bryan_DESKTOP_NG2I0P2text_generation_webui_python3_serv_69231200.md
  FIXED: 2025-06-24_venv_bryan_DESKTOP_NG2I0P2text_generation_webui_python3_serv_70795127.md
  FIXED: 2025-06-24_venv_bryan_DESKTOP_NG2I0P2text_generation_webui_python3_serv_75508124.md
  FIXED: 2025-06-24_venv_bryan_DESKTOP_NG2I0P2text_generation_webui_python3_serv_82282506.md
  FIXED: 2025-06-24_venv_bryan_DESKTOP_NG2I0P2text_generation_webui_python3_vers_11652607.md
  FIXED: 2025-06-24_venv_bryan_DESKTOP_NG2I0P2text_generation_webui_python_versi_23498816.md
  FIXED: 2025-06-24_venv_bryan_DESKTOP_NG2I0P2text_generation_webui_rm_rf_venv_v_54268784.md
  FIXED: 2025-06-24_venv_bryan_DESKTOP_NG2I0P2text_generation_webuiextensionssup_60100010.md
  FIXED: 2025-06-24_well_now_the_superboogav2_box_is_unchecked_and_during_this_s_50072630.md
  FIXED: 2025-06-24_when_i_ran_that_command_it_didnt_download_anything_and_outpu_50907426.md
  FIXED: 2025-06-24_working_on_step_2_one_command_at_a_time_and_got_this_bryan_D_56156095.md
  FIXED: 2025-06-24_working_on_the_first_option_Im_here_venv_bryan_DESKTOP_NG2I0_13499504.md
  FIXED: 2025-06-25_FAILED_vendorllamacpptoolsmtmdllama_llava_clip_quantize_cli__73878197.md
  FIXED: 2025-06-25_PS_CWINDOWSsystem32_wsl_list_verbose_Windows_Subsystem_for_L_31624298.md
  FIXED: 2025-06-25_You_can_undo_this_by_running_conda_init_reverse_SHELL_yesno__35394227.md
  FIXED: 2025-06-25_base_bryan_DESKTOP_NG2I0P2_49701343.md
  FIXED: 2025-06-25_base_bryan_DESKTOP_NG2I0P2_git_clone_httpsgithubcomoobabooga_84283910.md
  FIXED: 2025-06-25_bryan_DESKTOP_NG2I0P2_nvidia_smi_Wed_Jun_25_113057_2025_NVID_65098262.md
  FIXED: 2025-06-25_did_both_and_this_was_the_output_Hit1_httparchiveubuntucomub_44165531.md
  FIXED: 2025-06-25_did_everything_up_to_load_and_got_Downloading_Nous_Hermes_2__78131784.md
  FIXED: 2025-06-25_i_ran_step_2_and_it_says_Preparing_transaction_done_Executin_24082978.md
  FIXED: 2025-06-25_i_see_lllm_assist_and_then_bryan_DESKTOP_NG2I0P2_87486329.md
  FIXED: 2025-06-25_llm_assist_bryan_DESKTOP_NG2I0P2_CMAKE_ARGS_DGGML_CUDAon_FOR_23993800.md
  FIXED: 2025-06-25_llm_assist_bryan_DESKTOP_NG2I0P2_CMAKE_ARGS_DLLAMA_CUBLASon__26701633.md
  FIXED: 2025-06-25_llm_assist_bryan_DESKTOP_NG2I0P2_conda_install_c_conda_forge_68709649.md
  FIXED: 2025-06-25_llm_assist_bryan_DESKTOP_NG2I0P2_export_LD_LIBRARY_PATHLD_LI_70567312.md
  FIXED: 2025-06-25_llm_assist_bryan_DESKTOP_NG2I0P2_python_c_import_torch_print_90467877.md
  FIXED: 2025-06-25_my_fault_it_doesnt_let_me_paste_the_entire_message_because_i_55019627.md
  FIXED: 2025-06-25_no_im_asking_if_i_should_proceed_or_if_it_mattered_that_I_ra_79116852.md
  FIXED: 2025-06-25_opened_it_and_got_here_To_run_a_command_as_administrator_use_64552733.md
  FIXED: 2025-06-25_ran_step_1_and_got_base_bryan_DESKTOP_NG2I0P2_conda_create_n_90007174.md
  FIXED: 2025-06-25_ran_that_and_this_what_the_output_at_the_end_Adding_debianTr_18600452.md
  FIXED: 2025-06-25_ran_the_second_conda_command_and_got_llm_assist_bryan_DESKTO_78803950.md
  FIXED: 2025-06-25_ran_those_commands_and_got_base_bryan_DESKTOP_NG2I0P2_cd_tex_66745047.md
  FIXED: 2025-06-25_so_i_have_stable_271_linux_pip_python_and_CUDA_128_all_selec_67889071.md
  FIXED: 2025-06-25_so_i_only_see_one_option_and_then_the_options_in_the_store_l_46063925.md
  FIXED: 2025-06-25_so_i_ran_pip_uninstall_llama_cpp_python_y_and_it_said_llm_as_45395814.md
  FIXED: 2025-06-25_so_if_im_in_llm_assist_bryan_DESKTOP_NG2I0P2_what_would_i_do_74263478.md
  FIXED: 2025-06-25_so_now_that_i_reinstalled_ubuntu_do_i_have_to_stay_in_this_p_25610012.md
  FIXED: 2025-06-25_so_when_i_boot_up_now_itll_always_have_base_bryan_DESKTOP_NG_70556811.md
  FIXED: 2025-06-25_this_is_the_whole_output_from_llama_installation_llm_assist__31934377.md
  FIXED: 2025-06-25_this_is_what_i_got_when_i_ran_the_first_conda_command_llm_as_82872096.md
  FIXED: 2025-06-25_this_is_what_it_spat_out_homebryan_miniconda3envsllm_assistc_80789185.md
  FIXED: 2025-06-25_this_section_74009615.md
  FIXED: 2025-06-25_to_ensure_its_the_right_one_i_deleted_the_old_one_from_my_de_19142373.md
  FIXED: 2025-07-02_base_bryan_DESKTOP_NG2I0P2text_generation_webui_start_linuxs_19647322.md
  FIXED: 2025-07-02_so_for_starters_when_i_start_another_ubuntu_instance_im_here_99693602.md
  FIXED: 2025-07-03_base_bryan_DESKTOP_NG2I0P2helpdesk_ai_rag_python_create_dbpy_89450763.md
  FIXED: 2025-07-03_base_bryan_DESKTOP_NG2I0P2helpdesk_ai_ragknowledge_base_ls_l_44451314.md
  FIXED: 2025-07-03_base_bryan_DESKTOP_NG2I0P2helpdesk_ai_ragknowledge_base_nano_85960194.md
  FIXED: 2025-07-03_can_you_explain_it_in_a_more_easily_digestible_way_before_we_31402393.md
  FIXED: 2025-07-03_i_did_option_B_Option_B_Drag_and_drop_from_Windows_File_Expl_69308969.md
  FIXED: 2025-07-03_i_didnt_make_the_python_create_dbpy_script_yet_71714372.md
  FIXED: 2025-07-03_i_remember_i_had_some_txt_doc_i_made_that_i_had_put_in_a_fol_64787698.md
  FIXED: 2025-07-03_modulesjson_100_349349_00000000_427MBs_config_sentence_trans_29795861.md
  FIXED: 2025-07-03_no_i_was_just_saying_i_got_those_in_the_proper_folder_but_no_91479255.md
  FIXED: 2025-07-03_okay_so_i_have_these_to_start_with_thoughts_20195078.md
  FIXED: 2025-07-03_okay_so_i_havent_made_the_knowledge_base_part_or_any_of_it_y_55803229.md
  FIXED: 2025-07-03_okay_that_makes_more_sense_im_currently_here_in_wsl2_and_i_n_45235323.md
  FIXED: 2025-07-03_so_i_already_have_a_list_of_issues_and_solutions_i_want_to_a_51523122.md
  FIXED: 2025-07-03_there_wasnt_any_errors_during_the_pip_install_whats_next_64393363.md
  FIXED: 2025-07-03_this_all_thats_in_there_68011989.md
  FIXED: 2025-07-03_would_it_be_possible_when_we_reset_the_whole_ubuntu_environm_26271817.md
  FIXED: 2025-07-03_yeah_that_makes_a_little_more_sense_i_saved_that_script_and__55991643.md
  FIXED: 2025-07-05_122731_780767_INFO_Adding_5_new_embeddings_homebryan_text_ge_12008451.md
  FIXED: 2025-07-05_Closing_server_running_on_port_7860_132031_763563_INFO_Loadi_43576323.md
  FIXED: 2025-07-05_Closing_server_running_on_port_7860_132719_628255_INFO_Loadi_80682154.md
  FIXED: 2025-07-05_Closing_server_running_on_port_7860_133037_143605_INFO_Loadi_25620024.md
  FIXED: 2025-07-05_Embedding_model_loaded_Creating_ChromaDB_vector_store_Vector_80416116.md
  FIXED: 2025-07-05_Traceback_most_recent_call_last_File_homebryan_text_generati_19425189.md
  FIXED: 2025-07-05_Untitled_Gemini_19268273.md
  FIXED: 2025-07-05_Untitled_Gemini_20690103.md
  FIXED: 2025-07-05_You_my_wifi_drops_frequently_AI_Thinking_homebryan_helpdesk__41892750.md
  FIXED: 2025-07-05_You_my_wifi_drops_frequently_AI_Thinking_homebryan_helpdesk__46258251.md
  FIXED: 2025-07-05_base_bryan_DESKTOP_NG2I0P2_cd_text_generation_webui_base_bry_19252960.md
  FIXED: 2025-07-05_base_bryan_DESKTOP_NG2I0P2helpdesk_ai_ragknowledge_base_cd_h_64857761.md
  FIXED: 2025-07-05_base_bryan_DESKTOP_NG2I0P2text_generation_webui_Try_to_insta_34506166.md
  FIXED: 2025-07-05_base_bryan_DESKTOP_NG2I0P2text_generation_webui_cd_helpdesk__20221678.md
  FIXED: 2025-07-05_base_bryan_DESKTOP_NG2I0P2text_generation_webui_cd_text_gene_75120291.md
  FIXED: 2025-07-05_base_bryan_DESKTOP_NG2I0P2text_generation_webui_cp_r_helpdes_13806896.md
  FIXED: 2025-07-05_base_bryan_DESKTOP_NG2I0P2text_generation_webui_installer_fi_91915876.md
  FIXED: 2025-07-05_base_bryan_DESKTOP_NG2I0P2text_generation_webui_ls_F_CMD_FLA_47184565.md
  FIXED: 2025-07-05_base_bryan_DESKTOP_NG2I0P2text_generation_webui_ls_F_install_47347384.md
  FIXED: 2025-07-05_base_bryan_DESKTOP_NG2I0P2text_generation_webui_ls_F_install_61316615.md
  FIXED: 2025-07-05_base_bryan_DESKTOP_NG2I0P2text_generation_webui_ls_l_extensi_16804040.md
  FIXED: 2025-07-05_base_bryan_DESKTOP_NG2I0P2text_generation_webui_ls_l_install_92158531.md
  FIXED: 2025-07-05_base_bryan_DESKTOP_NG2I0P2text_generation_webui_ls_models_ls_17691580.md
  FIXED: 2025-07-05_base_bryan_DESKTOP_NG2I0P2text_generation_webui_ls_user_data_26781590.md
  FIXED: 2025-07-05_base_bryan_DESKTOP_NG2I0P2text_generation_webui_python_serve_26571650.md
  FIXED: 2025-07-05_base_bryan_DESKTOP_NG2I0P2text_generation_webui_python_serve_72422927.md
  FIXED: 2025-07-05_base_bryan_DESKTOP_NG2I0P2text_generation_webui_source_insta_71961508.md
  FIXED: 2025-07-05_base_bryan_DESKTOP_NG2I0P2text_generation_webui_source_insta_78511369.md
  FIXED: 2025-07-05_base_bryan_DESKTOP_NG2I0P2text_generation_webui_start_linuxs_40620581.md
  FIXED: 2025-07-05_base_bryan_DESKTOP_NG2I0P2text_generation_webuiextensions_cd_14069809.md
  FIXED: 2025-07-05_base_bryan_DESKTOP_NG2I0P2text_generation_webuiextensions_gi_37926316.md
  FIXED: 2025-07-05_can_you_put_that_whole_python_script_as_one_whole_thing_rath_40531749.md
  FIXED: 2025-07-05_i_dont_see_anything_in_the_session_tab_that_allows_me_to_adj_83908033.md
  FIXED: 2025-07-05_if_im_here_base_bryan_DESKTOP_NG2I0P2text_generation_webui_w_85322698.md
  FIXED: 2025-07-05_it_ran_and_the_only_error_i_got_was_ERROR_pips_dependency_re_50768604.md
  FIXED: 2025-07-05_same_list_of_extensions_are_available_37658916.md
  FIXED: 2025-07-05_so_i_did_step_2_and_got_base_bryan_DESKTOP_NG2I0P2text_gener_25874607.md
  FIXED: 2025-07-05_so_keep_that_folder_but_delete_the_others_20172721.md
  FIXED: 2025-07-05_so_superboogav2_is_checked_and_it_prompted_me_to_restart_and_76338312.md
  FIXED: 2025-07-05_there_isnt_anything_happening_like_that_in_the_webui_when_i__38954978.md
  FIXED: 2025-07-05_theres_more_to_it_but_on_the_wsl2_environment_where_oobaboog_32452825.md
  FIXED: 2025-07-05_what_aboout_in_wsllocalhostUbuntuhomebryan_helpdesk_ai_ragkn_30844694.md
  FIXED: 2025-07-05_what_did_we_find_59354288.md
  FIXED: 2025-07-05_when_i_go_to_speak_it_gives_this_in_the_terminal_134301_8882_43514440.md
  FIXED: 2025-07-06_base_bryan_DESKTOP_NG2I0P2_cat_etcresolvconf_This_file_was_a_80356145.md
  FIXED: 2025-07-06_base_bryan_DESKTOP_NG2I0P2cachehuggingfacehub_List_contents__83607361.md
  FIXED: 2025-07-06_i_thought_it_was_supposed_to_run_offline_62693402.md
  FIXED: 2025-07-06_so_i_ran_it_again_and_it_says_base_bryan_DESKTOP_NG2I0P2text_72022572.md
  FIXED: 2025-07-06_when_i_boot_it_up_it_says202527_554379_ERROR_Failed_to_load__56888017.md
  FIXED: 2025-07-14_base_bryan_DESKTOP_NG2I0P2text_generation_webui_cd_user_data_14727334.md
  FIXED: 2025-07-14_base_bryan_DESKTOP_NG2I0P2text_generation_webui_find_type_d__70292640.md
  FIXED: 2025-07-14_base_bryan_DESKTOP_NG2I0P2text_generation_webui_ls_l_models__91394909.md
  FIXED: 2025-07-15_i_took_superboogav2_off_because_it_was_interfering_with_ever_90845744.md
  FIXED: 2025-07-17_i_have_the_download_of_the_model_in_my_file_explorer_now_wha_15876408.md
  FIXED: 2025-07-17_tried_to_download_the_model_through_oobaboogas_webui_and_got_77913485.md
  FIXED: 2025-07-19_PS_CUsersBryanDesktopPhython_Projectshelpdesk_ai_venvScripts_55070959.md
  FIXED: 2025-07-29_PS_CUsersBryan_netstat_ano_findstr_11434_TCP_12700111434_000_27633126.md
  FIXED: 2025-07-29_PS_CUsersBryan_taskkill_PID_27296_F_ERROR_The_process_27296__19101996.md
  FIXED: 2025-07-29_PS_CUsersBryan_taskkill_PID_27296_F_SUCCESS_The_process_with_45096517.md
  FIXED: 2025-07-29_PS_CUsersBryan_tasklist_fi_PID_eq_27296_Image_Name_PID_Sessi_86896931.md
  FIXED: 2025-07-29_Untitled_Gemini_34908902.md
  FIXED: 2025-07-29_for_more_context_this_is_what_is_within_each_file_that_may_n_51594083.md
  FIXED: 2025-07-29_how_do_i_do_a_thorough_check_for_vs_code_to_make_sure_its_co_47194028.md
  FIXED: 2025-07-29_i_cant_find_my_appdata_folder_51077809.md
  FIXED: 2025-07-29_i_opened_the_project_i_was_working_on_and_clicked_the_gear_u_41599755.md
  FIXED: 2025-07-29_it_says_the_workspace_isnt_trusted_when_i_launched_vs_code_a_77094574.md
  FIXED: 2025-07-29_it_still_doesnt_show_my_model_at_all_43707423.md
  FIXED: 2025-07-29_now_that_we_have_a_fresh_vs_code_install_now_what_25703698.md
  FIXED: 2025-07-29_should_i_just_completely_uninstall_and_reinstall_vs_code_fro_22995378.md
  FIXED: 2025-07-29_so_i_opened_my_termianl_and_did_the_ollama_serve_command_and_25706510.md
  FIXED: 2025-07-29_still_doesnt_seem_to_work_and_i_dont_want_to_go_through_the__67955475.md
  FIXED: 2025-07-29_these_are_all_the_options_that_pop_up_in_the_output_tab_30217913.md
  FIXED: 2025-07-29_this_is_the_output_when_i_reloaded_the_window_2025_07_29_145_82477105.md
  FIXED: 2025-07-29_this_what_we_got_in_vs_code_so_far_77262346.md
  FIXED: 2025-07-29_to_reconfirm_here_is_the_configyaml_89685589.md
  FIXED: 2025-07-29_what_am_i_doing_wrong_bye_PS_CUsersBryan_ollama_serve_Error__69791143.md
  FIXED: 2025-07-29_what_do_i_do_from_here_22646128.md
  FIXED: 2025-07-29_when_i_deleted_everything_in_the_continue_folder_but_the_yam_16368247.md
  FIXED: 2025-07-29_when_i_look_in_the_continue_folder_on_my_pc_this_is_what_i_s_63735089.md
  FIXED: 2025-07-29_you_misunderstand_im_saying_that_continue_wasnt_popping_up_i_86009913.md
  FIXED: 2025-07-30_i_dont_need_to_change_this_part_to_match_as_well_name_llama3_71834033.md
  FIXED: 2025-09-07_PS_CUsersBryanDesktopPhython_Projectsblender_ai_agent_py_311_59475174.md
  FIXED: 2025-09-07_PS_CUsersBryanDesktopPhython_Projectsblender_ai_agent_python_92208931.md
  FIXED: 2025-09-07_PS_CUsersBryanDesktopPhython_Projectsblender_ai_agent_rmdir__56790471.md
  FIXED: 2025-09-07_doing_it_the_manual_way_50779915.md
  FIXED: 2025-09-07_well_im_using_cursor_to_scafold_this_so_what_prompt_would_i__27344061.md
  FIXED: 2025-09-23_so_so_far_these_are_my_packages_i_have_installed_in_windsurf_63427275.md
  FIXED: 2025-11-17_ran_these_commands_and_ollama_wont_serve_Windows_PowerShell__90393258.md
  FIXED: 2025-11-17_why_did_this_happen_PS_CUsersBryan_pkill_ollama_pkill_The_te_45013870.md
  FIXED: 2025-11-18_how_do_i_get_ollama_to_download_qwen25_coder14b_instruct_q4__23291865.md
  FIXED: 2025-12-06_trying_to_add_serper_search_to_my_lmstudio_as_a_mcp_and_i_go_52757386.md
  FIXED: 2025-12-07_none_of_that_worked_but_when_i_run_ollama_in_powershell_i_ge_14757807.md
  FIXED: 2025-12-07_when_i_ran_the_command_line_artifacts_i_got_this_CUsersBryan_91797418.md
  FIXED: 2025-12-07_yeah_i_tried_all_that_and_it_still_gives_me_this_PS_CUsersBr_11968804.md
  FIXED: 2025-12-09_i_still_see_PS_CUsersBryan_ollama_Usage_ollama_flags_ollama__17623915.md
  FIXED: 2025-12-10_so_when_i_try_to_check_if_ollama_is_still_installed_i_got_th_27604105.md
  FIXED: 2025-12-11_S_CUsersBryanDesktopPhython_Projectsdank_flappy_bird_git_reb_65034552.md
  FIXED: 2025-12-11_specifically_i_want_to_delete_the_pipe_changes_one_here_c45c_72196137.md
  FIXED: 2026-02-03_Deleted_the_part_and_rebooted_and_got_this_38198870.md
  FIXED: 2026-02-03_I_messed_up_how_do_I_get_it_to_take_my_name_again_35892038.md
  FIXED: 2026-02-03_This_is_all_I_see_42497887.md
  FIXED: 2026-03-16_8s_sudo_chattr_i_sysfirmwareefiefivarsPK_8be4df61_93ca_11d2__75278351.md
  FIXED: 2026-03-16_sudo_sbctl_enroll_keys_m_f_bootvmlinuz_linux_cachyos_sudo_sb_89954386.md
  FIXED: 2026-03-18_My_full_legal_name_or_just_first_and_last_40465788.md
  FIXED: 2026-03-18_So_how_do_I_fill_this_whole_section_out_50310580.md
  FIXED: 2026-03-18_What_if_my_expenses_are_higher_than_what_I_make_monthly_befo_17774405.md
  FIXED: 2026-03-18_With_this_section_what_do_I_do_59775058.md
  FIXED: 2026-03-22_Theres_a_reference_number_if_that_helps_55470239.md
  FIXED: 2026-03-22_This_is_the_company_who_sent_it_to_me_37687285.md
  FIXED: 2026-03-25_I_have_a_vpn_for_my_steam_deck_but_it_isnt_currently_connect_81537847.md
  FIXED: 2026-04-05_Carvana_said_this_35202336.md
  FIXED: 2026-04-05_I_already_had_the_repo_on_my_record_from_when_my_girls_car_g_33818282.md
  FIXED: 2026-04-05_I_will_only_get_Toyota_or_Honda_I_dont_want_anything_else_I__48456318.md
  FIXED: 2026-04-05_Its_the_cash_for_replacement_I_have_no_capital_to_work_with__52435726.md
  FIXED: 2026-04-07_Is_cloudfare_or_tailscale_a_requirement_for_telegram_integra_44535552.md
  FIXED: 2026-04-07_Nah_just_straight_to_the_point_what_is_it_what_can_it_do_I_d_88266624.md
  FIXED: 2026-04-07_One_last_question_everyone_I_see_says_run_this_in_a_vm_at_le_67966899.md
  FIXED: 2026-04-07_So_if_I_were_to_explain_to_my_dad_what_this_can_do_and_how_I_12691224.md
  FIXED: 2026-04-07_Specifically_I_want_all_my_chats_from_Gemini_Claude_grok_and_34235799.md
  FIXED: 2026-04-07_Stop_saying_Im_on_Linux_Im_on_tiny_11_from_now_on_14298906.md
  FIXED: 2026-04-09_okay_lets_back_up_a_little_lets_make_sure_you_understand_wha_41581093.md
  FIXED: 2026-04-09_yeah_i_dont_mind_using_cli_for_this_at_all_i_just_know_that__79388111.md
  FIXED: 2024-01-23_Nutty_Username_Suggestions_46691616.md
  FIXED: 2024-03-06_Funny_Weed_Usernames_10206221.md
  FIXED: 2025-03-06_Rib_cracking_explanation_42165405.md
  FIXED: 2025-09-07_Python_31210_compatibility_44326162.md
  FIXED: 2025-11-18_VS_Code_Continue_Extension_Configuration_Error_64076806.md
  FIXED: 2026-02-18_Cryptocurrencies_Explained_ICP_NEAR_HYPE_ZEC_16052315.md

Done! 375 files fixed, 0 errors